// Vitest Snapshot v1, https://vitest.dev/guide/snapshot.html

exports[`ProfileTourProvider > should provide expected context shape 1`] = `
{
  "canShowContextualTour": [Function],
  "checklist": [
    "set-profile",
    "create-project",
    "write-500-words",
  ],
  "completedTours": [],
  "completeTour": [Function],
  "getChecklistProgress": [Function],
  "goToStep": [Function],
  "hydrated": true,
  "isActive": false,
  "isFirstTimeUser": true,
  "logAnalytics": [Function],
  "neverShowAgain": false,
  "preferences": null,
  "prefs": null,
  "remindMeLater": false,
  "setNeverShowAgain": [Function],
  "setRemindMeLater": [Function],
  "setTourSteps": [Function],
  "startTour": [Function],
  "tourState": null,
}
`;
